[INFO] Scanning for projects...
[INFO] 
[INFO] ------------< com.attendance:attendance-management-system >-------------
[INFO] Building attendance-management-system 1.0-SNAPSHOT
[INFO]   from pom.xml
[INFO] --------------------------------[ jar ]---------------------------------
[INFO] 
[INFO] --- clean:3.2.0:clean (default-clean) @ attendance-management-system ---
[INFO] Deleting C:\Users\ASUS\OneDrive\Desktop\Devops project\target
[INFO] ------------------------------------------------------------------------
[INFO] BUILD FAILURE
[INFO] ------------------------------------------------------------------------
[INFO] Total time:  5.486 s
[INFO] Finished at: 2025-12-17T13:41:01+05:30
[INFO] ------------------------------------------------------------------------
[ERROR] Failed to execute goal org.apache.maven.plugins:maven-clean-plugin:3.2.0:clean (default-clean) on project attendance-management-system: Failed to clean project: Failed to delete C:\Users\ASUS\OneDrive\Desktop\Devops project\target\attendance-management-system-1.0-SNAPSHOT.jar -> [Help 1]
[ERROR] 
[ERROR] To see the full stack trace of the errors, re-run Maven with the -e switch.
[ERROR] Re-run Maven using the -X switch to enable full debug logging.
[ERROR] 
[ERROR] For more information about the errors and possible solutions, please read the following articles:
[ERROR] [Help 1] http://cwiki.apache.org/confluence/display/MAVEN/MojoExecutionException
